// Jest Snapshot v1, https://goo.gl/fbAQLP

exports[`matches snapshot 1`] = `
<div
  className="css-1pf1pew"
>
  <div
    className="css-12rrdgv"
  >
    <div
      className="css-11p92tb"
    >
      <div
        className="css-xi606m"
      >
        <h2
          className="chakra-heading css-0"
        >
          Forgot Password
        </h2>
      </div>
      <div
        className="css-jfzvvr"
      >
        <form>
          <div
            className="chakra-form-control css-19ug521"
            role="group"
          >
            <label
              className="chakra-form__label css-uvho5g"
              htmlFor="field-9622659948-5"
              id="field-9622659948-5-label"
            >
              Roll Number
            </label>
            <input
              className="chakra-input css-0"
              disabled={false}
              id="field-9622659948-5"
              onBlur={[Function]}
              onChange={[Function]}
              onFocus={[Function]}
              placeholder="Roll Number"
              readOnly={false}
              required={false}
              type="text"
              value=""
            />
          </div>
          <div
            className="chakra-form-control css-19ug521"
            role="group"
          >
            <label
              className="chakra-form__label css-uvho5g"
              htmlFor="field-9622659948-6"
              id="field-9622659948-6-label"
            >
              Email ID
            </label>
            <input
              className="chakra-input css-0"
              disabled={false}
              id="field-9622659948-6"
              onBlur={[Function]}
              onChange={[Function]}
              onFocus={[Function]}
              placeholder="Email ID"
              readOnly={false}
              required={false}
              type="text"
              value=""
            />
          </div>
          <button
            className="chakra-button css-ug24of"
            data-testid="button"
            onClick={[Function]}
            type="button"
          >
            Get Password
          </button>
          <button
            className="chakra-button css-q1ts0i"
            type="button"
          >
            <a
              className="chakra-link css-0"
              href="/"
            >
              Lost your Way? Click here
            </a>
          </button>
        </form>
      </div>
    </div>
  </div>
  <div
    className="css-1rgqx61"
  >
    <img
      className="chakra-image__placeholder css-0"
    />
  </div>
</div>
`;
